[www.espn.com/espn/feature/story/_/id/20982956/predicting-2017-18-nba-mvp.html]
[backblue.gif]
[fade.gif]
[index.html]
[a.espncdn.com/photo/2017/1011/nba_mvp_16x9.jpg]
[a.espncdn.com/prod/styles/video/2.14.1-5/espn-web-player-bundle.css]
[a.espncdn.com/combiner/c0841.css]
[a.espncdn.com/combiner/c/2ed7a.js]
[a.espncdn.com/combiner/c/2c488.js]
[a.espncdn.com/prod/styles/pagetype/otl/20171012_nbamvp/images/nba_mvp_5x2.jpg]
[a.espncdn.com/prod/styles/pagetype/otl/20171012_nbamvp/images/517.png]
[a.espncdn.com/prod/styles/pagetype/otl/20171012_nbamvp/images/428.png]
[a.espncdn.com/prod/styles/pagetype/otl/20171012_nbamvp/images/66.png]
[a.espncdn.com/prod/styles/pagetype/otl/20171012_nbamvp/images/40.png]
[a.espncdn.com/prod/styles/pagetype/otl/20171012_nbamvp/images/20.png]
[a.espncdn.com/prod/styles/pagetype/otl/20171012_nbamvp/images/20_tran3.jpg]
[a.espncdn.com/prod/styles/pagetype/otl/20171012_nbamvp/images/2_draft3.jpg]
[a.espncdn.com/prod/styles/pagetype/otl/20171012_nbamvp/images/3_top4ever3.jpg]
[a.espncdn.com/prod/styles/pagetype/otl/20171012_nbamvp/images/4_vegasodds3.jpg]
[a.espncdn.com/prod/styles/pagetype/otl/20171012_nbamvp/images/5_ws483.jpg]
[a.espncdn.com/prod/styles/pagetype/otl/20171012_nbamvp/images/6_per3.jpg]
[a.espncdn.com/prod/styles/pagetype/otl/20171012_nbamvp/images/7_noruss3.jpg]
[a.espncdn.com/prod/styles/pagetype/otl/20171012_nbamvp/images/8_top4last3.jpg]
[a.espncdn.com/prod/styles/pagetype/otl/20171012_nbamvp/images/9_age3.jpg]
[a.espncdn.com/prod/styles/pagetype/otl/20171012_nbamvp/images/10_teammates5.jpg]
[a.espncdn.com/prod/styles/pagetype/otl/20171012_nbamvp/images/reveal_1x1.png]
[a.espncdn.com/combiner/c37a3.js]
[a.espncdn.com/legacy/transitionalHeader/1.0.58/js/espn-ads-external.js]
[www.espn.com/espn/feature/story/_/id/20982956/predicting-2017-18-nba-mvp.html]
[a.espncdn.com/prod/styles/video/2.14.1-5/espn-web-player-bundle.css]
[a.espncdn.com/combiner/c0841.css]
[a.espncdn.com/combiner/c/2ed7a.js]
[a.espncdn.com/combiner/c/2c488.js]
[a.espncdn.com/combiner/c/69a9f3.js]
[www.espn.com/espn/feature/story/_/id/TweenLite.html]
[a.espncdn.com/combiner/c37a3.js]
[www.googletagservices.com/tag/js/gpt.js]
[a.espncdn.com/legacy/transitionalHeader/1.0.58/js/espn-ads-external.js]
[a.espncdn.com/combiner/c/69a9f3.js]
[www.espn.com/espn/feature/story/_/id/TweenLite.html]
[www.espn.com/espn/feature/story/_/id/20982956/Version/index.html]
[www.espn.com/espn/feature/story/_/id/20982956/Version/index.html]
